---
recorded_at: 2026-03-07T21:22:24.217978335-08:00
mode: manual
files: [".keel/stories/1vz5o6000/EVIDENCE/ac-1.log"]
---

--- File: ac-1.log ---
== cargo test -q -p port-agent-protocol ==

running 6 tests
......
test result: ok. 6 passed; 0 failed; 0 ignored; 0 measured; 0 filtered out; finished in 0.00s


running 0 tests

test result: ok. 0 passed; 0 failed; 0 ignored; 0 measured; 0 filtered out; finished in 0.00s


== cargo test -q -p port-guest-agent ==

running 3 tests
...
test result: ok. 3 passed; 0 failed; 0 ignored; 0 measured; 0 filtered out; finished in 0.04s


running 0 tests

test result: ok. 0 passed; 0 failed; 0 ignored; 0 measured; 0 filtered out; finished in 0.00s


running 0 tests

test result: ok. 0 passed; 0 failed; 0 ignored; 0 measured; 0 filtered out; finished in 0.00s


== cargo test -q -p port-runtime ==

running 26 tests
..........................
test result: ok. 26 passed; 0 failed; 0 ignored; 0 measured; 0 filtered out; finished in 0.21s


running 0 tests

test result: ok. 0 passed; 0 failed; 0 ignored; 0 measured; 0 filtered out; finished in 0.00s


== cargo test -q -p port-cli --test guest_commands cli_guest_forward_supports_hosted_unix_socket_mode ==

running 1 test
.
test result: ok. 1 passed; 0 failed; 0 ignored; 0 measured; 3 filtered out; finished in 0.05s


== cargo test -q -p port-cli --test guest_commands cli_guest_forward_supports_hosted_detached_lifecycle ==

running 1 test
.
test result: ok. 1 passed; 0 failed; 0 ignored; 0 measured; 3 filtered out; finished in 0.08s


