---
recorded_at: 2026-03-09T09:52:52.431490399-07:00
command: bash -lc 'cd /home/alex/workspace/spoke-sh/port && cargo test -q -p port-runtime cloud_hypervisor_launch_status_and_stop_write_canonical_runtime_state && cargo test -q -p port-cli --test machine_commands cli_machine_launch_status_and_stop_route_cloud_hypervisor_locally'
---

running 1 test
.
test result: ok. 1 passed; 0 failed; 0 ignored; 0 measured; 99 filtered out; finished in 0.01s


running 1 test
.
test result: ok. 1 passed; 0 failed; 0 ignored; 0 measured; 13 filtered out; finished in 3.14s


--- stderr ---
run-parts: unrecognized option '--regex'
BusyBox v1.37.0 () multi-call binary.

Usage: run-parts [-a ARG]... [-u UMASK] [--reverse] [--test] [--exit-on-error] [--list] DIRECTORY

Run a bunch of scripts in DIRECTORY

	-a ARG		Pass ARG as argument to scripts
	-u UMASK	Set UMASK before running scripts
	--reverse	Reverse execution order
	--test		Dry run
	--exit-on-error	Exit if a script exits with non-zero
	--list		Print names of matching files even if they are not executable
