---
recorded_at: 2026-04-22T13:06:04.004516912-07:00
command: sh -lc 'cargo test -p port-runtime control_plane_service_status_uses_live_route_without_stored_placement -- --nocapture --test-threads=1 && cargo test -p port-runtime startup_reconcile_canonicalizes_legacy_node_alias_to_configured_node_identity -- --nocapture --test-threads=1 && cargo test -p port-runtime list_machines_degrades_a_timed_out_route_without_failing_the_fleet -- --nocapture --test-threads=1 && cargo test -p port-runtime hosted_k3s_cluster_access_reports_kubeconfig_handoff_separately -- --nocapture --test-threads=1'
---

running 1 test
test hosted_control_plane::tests::control_plane_service_status_uses_live_route_without_stored_placement ... ok

test result: ok. 1 passed; 0 failed; 0 ignored; 0 measured; 237 filtered out; finished in 0.01s


running 1 test
test hosted_control_plane::tests::startup_reconcile_canonicalizes_legacy_node_alias_to_configured_node_identity ... ok

test result: ok. 1 passed; 0 failed; 0 ignored; 0 measured; 237 filtered out; finished in 0.03s


running 1 test
test hosted_control_plane::tests::list_machines_degrades_a_timed_out_route_without_failing_the_fleet ... ok

test result: ok. 1 passed; 0 failed; 0 ignored; 0 measured; 237 filtered out; finished in 0.04s


running 1 test
test tests::hosted_k3s_cluster_access_reports_kubeconfig_handoff_separately ... ok

test result: ok. 1 passed; 0 failed; 0 ignored; 0 measured; 237 filtered out; finished in 6.26s


--- stderr ---
    Finished `test` profile [unoptimized + debuginfo] target(s) in 0.16s
     Running unittests src/lib.rs (/home/alex/.cache/cargo-target/spoke-infra/debug/deps/port_runtime-a01ac35e6b3e45bd)
    Finished `test` profile [unoptimized + debuginfo] target(s) in 0.13s
     Running unittests src/lib.rs (/home/alex/.cache/cargo-target/spoke-infra/debug/deps/port_runtime-a01ac35e6b3e45bd)
    Finished `test` profile [unoptimized + debuginfo] target(s) in 0.10s
     Running unittests src/lib.rs (/home/alex/.cache/cargo-target/spoke-infra/debug/deps/port_runtime-a01ac35e6b3e45bd)
    Finished `test` profile [unoptimized + debuginfo] target(s) in 0.10s
     Running unittests src/lib.rs (/home/alex/.cache/cargo-target/spoke-infra/debug/deps/port_runtime-a01ac35e6b3e45bd)

thread 'tokio-rt-worker' (1125995) panicked at /home/alex/.cargo/registry/src/index.crates.io-1949cf8c6b5b557f/tokio-1.50.0/src/runtime/blocking/shutdown.rs:51:21:
Cannot drop a runtime in a context where blocking is not allowed. This happens when a runtime is dropped from within an asynchronous context.
note: run with `RUST_BACKTRACE=1` environment variable to display a backtrace

thread 'tokio-rt-worker' (1125995) panicked at /home/alex/.cargo/registry/src/index.crates.io-1949cf8c6b5b557f/tokio-1.50.0/src/runtime/blocking/shutdown.rs:51:21:
Cannot drop a runtime in a context where blocking is not allowed. This happens when a runtime is dropped from within an asynchronous context.
