---
recorded_at: 2026-03-08T16:00:27.910619537-07:00
command: bash /home/alex/workspace/spoke-sh/port/.keel/stories/1vzMXo000/verify-ac-1.sh | tee /home/alex/workspace/spoke-sh/port/.keel/stories/1vzMXo000/EVIDENCE/ac-1.log
---
== cargo test -q -p port-guest-agent connection_streams_pty_and_followed_logs ==

running 1 test
.
test result: ok. 1 passed; 0 failed; 0 ignored; 0 measured; 3 filtered out; finished in 0.11s


running 0 tests

test result: ok. 0 passed; 0 failed; 0 ignored; 0 measured; 0 filtered out; finished in 0.00s


== cargo test -q -p port-runtime guest_streaming_operations_aggregate_pty_and_followed_logs_from_runtime_socket ==

running 1 test
.
test result: ok. 1 passed; 0 failed; 0 ignored; 0 measured; 52 filtered out; finished in 0.00s


== cargo test -q -p port-runtime avf_guest_exec_pty_and_logs_use_runtime_socket_after_launch ==

running 1 test
.
test result: ok. 1 passed; 0 failed; 0 ignored; 0 measured; 52 filtered out; finished in 0.51s


== cargo test -q -p port-cli cli_guest_commands_cover_all_capabilities ==

running 0 tests

test result: ok. 0 passed; 0 failed; 0 ignored; 0 measured; 10 filtered out; finished in 0.00s


running 0 tests

test result: ok. 0 passed; 0 failed; 0 ignored; 0 measured; 0 filtered out; finished in 0.00s


running 0 tests

test result: ok. 0 passed; 0 failed; 0 ignored; 0 measured; 1 filtered out; finished in 0.00s


running 1 test
.
test result: ok. 1 passed; 0 failed; 0 ignored; 0 measured; 4 filtered out; finished in 0.11s


running 0 tests

test result: ok. 0 passed; 0 failed; 0 ignored; 0 measured; 1 filtered out; finished in 0.00s


running 0 tests

test result: ok. 0 passed; 0 failed; 0 ignored; 0 measured; 7 filtered out; finished in 0.00s


running 0 tests

test result: ok. 0 passed; 0 failed; 0 ignored; 0 measured; 1 filtered out; finished in 0.00s

