---
recorded_at: 2026-03-09T10:04:34.662932303-07:00
command: bash -lc 'cd /home/alex/workspace/spoke-sh/port && cargo test -q -p port-runtime guest_exec_uses_cloud_hypervisor_vsock_tunnel_when_runtime_socket_is_absent && cargo test -q -p port-runtime hosted_guest_exec_routes_cloud_hypervisor_machine_through_node_runtime_root && cargo test -q -p port-cli --test guest_commands cli_cloud_hypervisor_guest_commands_cover_all_capabilities && cargo test -q -p port-cli --test guest_commands cli_guest_commands_cover_hosted_cloud_hypervisor_runtime'
---

running 1 test
.
test result: ok. 1 passed; 0 failed; 0 ignored; 0 measured; 101 filtered out; finished in 0.00s


running 1 test
.
test result: ok. 1 passed; 0 failed; 0 ignored; 0 measured; 101 filtered out; finished in 0.01s


running 1 test
.
test result: ok. 1 passed; 0 failed; 0 ignored; 0 measured; 7 filtered out; finished in 0.14s


running 1 test
.
test result: ok. 1 passed; 0 failed; 0 ignored; 0 measured; 7 filtered out; finished in 0.16s


--- stderr ---
run-parts: unrecognized option '--regex'
BusyBox v1.37.0 () multi-call binary.

Usage: run-parts [-a ARG]... [-u UMASK] [--reverse] [--test] [--exit-on-error] [--list] DIRECTORY

Run a bunch of scripts in DIRECTORY

	-a ARG		Pass ARG as argument to scripts
	-u UMASK	Set UMASK before running scripts
	--reverse	Reverse execution order
	--test		Dry run
	--exit-on-error	Exit if a script exits with non-zero
	--list		Print names of matching files even if they are not executable
