---
recorded_at: 2026-03-09T00:01:35.511136144-07:00
command: bash /home/alex/workspace/spoke-sh/port/.keel/stories/1vzTTK000/verify-ac-1.sh
---

running 1 test
.
test result: ok. 1 passed; 0 failed; 0 ignored; 0 measured; 76 filtered out; finished in 0.02s


running 1 test
.
test result: ok. 1 passed; 0 failed; 0 ignored; 0 measured; 7 filtered out; finished in 0.06s


--- stderr ---
run-parts: unrecognized option '--regex'
BusyBox v1.37.0 () multi-call binary.

Usage: run-parts [-a ARG]... [-u UMASK] [--reverse] [--test] [--exit-on-error] [--list] DIRECTORY

Run a bunch of scripts in DIRECTORY

	-a ARG		Pass ARG as argument to scripts
	-u UMASK	Set UMASK before running scripts
	--reverse	Reverse execution order
	--test		Dry run
	--exit-on-error	Exit if a script exits with non-zero
	--list		Print names of matching files even if they are not executable
