---
recorded_at: 2026-04-16T18:17:18.961036218-07:00
mode: manual
files: [".keel/stories/VH00kDFiS/EVIDENCE/ac-1.log"]
---

--- File: ac-1.log ---
warning: unused variable: `enabled`
    --> crates/port-runtime/src/hosted_control_plane.rs:7073:9
     |
7073 |         enabled: bool,
     |         ^^^^^^^ help: if this is intentional, prefix it with an underscore: `_enabled`
     |
     = note: `#[warn(unused_variables)]` (part of `#[warn(unused)]`) on by default

warning: `port-runtime` (lib test) generated 1 warning (run `cargo fix --lib -p port-runtime --tests` to apply 1 suggestion)
    Finished `test` profile [unoptimized + debuginfo] target(s) in 0.11s
     Running unittests src/lib.rs (/home/alex/.cache/cargo-target/port/debug/deps/port_runtime-7f216da9bdde7c62)

running 6 tests
test hosted_control_plane::tests::recovery_decision_escalates_straight_to_tier_3_on_node_wedge ... ok
test hosted_control_plane::tests::recovery_decision_fires_tier_1_on_guest_wedge_when_enabled ... ok
test hosted_control_plane::tests::recovery_decision_is_none_when_disabled ... ok
test hosted_control_plane::tests::recovery_decision_promotes_tier_1_to_tier_2_and_tier_3 ... ok
test hosted_control_plane::tests::recovery_decision_re_reads_wedge_state_avoiding_stale_trigger ... ok
test hosted_control_plane::tests::recovery_decision_takes_no_further_action_in_awaiting_tier_3 ... ok

test result: ok. 6 passed; 0 failed; 0 ignored; 0 measured; 184 filtered out; finished in 0.00s


