---
recorded_at: 2026-03-09T01:19:54.097856437-07:00
command: bash /home/alex/workspace/spoke-sh/port/.keel/stories/1vzUq8000/verify-ac-1.sh
---
== cargo test -q -p port-runtime list_machines_includes_hosted_control_plane_statuses ==

running 1 test
.
test result: ok. 1 passed; 0 failed; 0 ignored; 0 measured; 83 filtered out; finished in 0.02s


== cargo test -q -p port-cli hosted_fleet_render_includes_node_state_breakdown ==

running 1 test
.
test result: ok. 1 passed; 0 failed; 0 ignored; 0 measured; 11 filtered out; finished in 0.00s


running 0 tests

test result: ok. 0 passed; 0 failed; 0 ignored; 0 measured; 0 filtered out; finished in 0.00s


running 0 tests

test result: ok. 0 passed; 0 failed; 0 ignored; 0 measured; 1 filtered out; finished in 0.00s


running 0 tests

test result: ok. 0 passed; 0 failed; 0 ignored; 0 measured; 6 filtered out; finished in 0.00s


running 0 tests

test result: ok. 0 passed; 0 failed; 0 ignored; 0 measured; 1 filtered out; finished in 0.00s


running 0 tests

test result: ok. 0 passed; 0 failed; 0 ignored; 0 measured; 9 filtered out; finished in 0.00s


running 0 tests

test result: ok. 0 passed; 0 failed; 0 ignored; 0 measured; 1 filtered out; finished in 0.00s

