---
recorded_at: 2026-03-09T03:23:34.337787378-07:00
command: bash -lc 'cd /home/alex/workspace/spoke-sh/port && cargo test -q -p port-runtime hosted_standard_launch && cargo test -q -p port-cli --test machine_commands cli_hosted_standard_cloud_launch_round_trip'
---

running 2 tests
..
test result: ok. 2 passed; 0 failed; 0 ignored; 0 measured; 89 filtered out; finished in 9.29s


running 1 test
.
test result: ok. 1 passed; 0 failed; 0 ignored; 0 measured; 10 filtered out; finished in 3.07s


--- stderr ---
run-parts: unrecognized option '--regex'
BusyBox v1.37.0 () multi-call binary.

Usage: run-parts [-a ARG]... [-u UMASK] [--reverse] [--test] [--exit-on-error] [--list] DIRECTORY

Run a bunch of scripts in DIRECTORY

	-a ARG		Pass ARG as argument to scripts
	-u UMASK	Set UMASK before running scripts
	--reverse	Reverse execution order
	--test		Dry run
	--exit-on-error	Exit if a script exits with non-zero
	--list		Print names of matching files even if they are not executable
