---
recorded_at: 2026-03-07T21:04:30.907163615-08:00
mode: manual
files: [".keel/stories/1vz5nU000/EVIDENCE/ac-1.log"]
---

--- File: ac-1.log ---
== cargo test -q -p port-model ==

running 19 tests
...................
test result: ok. 19 passed; 0 failed; 0 ignored; 0 measured; 0 filtered out; finished in 0.01s


running 0 tests

test result: ok. 0 passed; 0 failed; 0 ignored; 0 measured; 0 filtered out; finished in 0.00s


== cargo test -q -p port-runtime ==

running 24 tests
........................
test result: ok. 24 passed; 0 failed; 0 ignored; 0 measured; 0 filtered out; finished in 0.20s


running 0 tests

test result: ok. 0 passed; 0 failed; 0 ignored; 0 measured; 0 filtered out; finished in 0.00s


== hosted machine list ==
machine: cloud-aws
state: stopped
pid: (none)
inventory scope: hosted-fleet
inventory owner: hosted-control-plane
lifecycle owner: hosted-node-agent
status source: control-plane-inventory-and-node-agent-runtime
status route: hosted-control-plane
runtime dir: runtime/hosted/aws-linux-node/cloud-aws
detail: control plane 'demo' resolved node 'aws-linux-node' but the node-agent runtime root 'runtime/hosted/aws-linux-node' does not contain machine state Routed through control plane 'demo' and node 'aws-linux-node'.

machine: cloud-azure
state: malformed
pid: (none)
inventory scope: hosted-fleet
inventory owner: hosted-control-plane
lifecycle owner: hosted-node-agent
status source: control-plane-inventory-and-node-agent-runtime
status route: hosted-control-plane
runtime dir: .port/hosted/demo/cloud-azure
detail: control plane 'demo' cannot resolve hosted runtime for machine 'cloud-azure': machine 'cloud-azure' targets hosted host 'azure-linux' but no hosted node inventory record matches that host

machine: cloud-gcp
state: stopped
pid: (none)
inventory scope: hosted-fleet
inventory owner: hosted-control-plane
lifecycle owner: hosted-node-agent
status source: control-plane-inventory-and-node-agent-runtime
status route: hosted-control-plane
runtime dir: runtime/hosted/gcp-linux-node/cloud-gcp
detail: control plane 'demo' resolved node 'gcp-linux-node' but the node-agent runtime root 'runtime/hosted/gcp-linux-node' does not contain machine state Routed through control plane 'demo' and node 'gcp-linux-node'.

machine: cloud-generic
state: stopped
pid: (none)
inventory scope: hosted-fleet
inventory owner: hosted-control-plane
lifecycle owner: hosted-node-agent
status source: control-plane-inventory-and-node-agent-runtime
status route: hosted-control-plane
runtime dir: runtime/hosted/generic-linux-node/cloud-generic
detail: control plane 'demo' resolved node 'generic-linux-node' but the node-agent runtime root 'runtime/hosted/generic-linux-node' does not contain machine state Routed through control plane 'demo' and node 'generic-linux-node'.

machine: demo
state: stopped
pid: 405758
inventory scope: local-runtime-root
inventory owner: local-runtime-root
lifecycle owner: local-port-runtime
status source: runtime-manifest-and-host-process
status route: direct-local-runtime
runtime dir: runtime/demo
detail: launch manifest exists but no live Firecracker process is recorded


== hosted machine status cloud-aws ==
machine: cloud-aws
state: stopped
pid: (none)
inventory scope: hosted-fleet
inventory owner: hosted-control-plane
lifecycle owner: hosted-node-agent
guest broker: control-plane-node-agent-tunnel
status source: control-plane-inventory-and-node-agent-runtime
launch route: hosted-control-plane
inventory route: hosted-control-plane
status route: hosted-control-plane
stop route: hosted-control-plane
guest route: hosted-control-plane
runtime dir: runtime/hosted/aws-linux-node/cloud-aws
config path: runtime/hosted/aws-linux-node/cloud-aws/firecracker-config.json
manifest: runtime/hosted/aws-linux-node/cloud-aws/manifest.json
pid file: runtime/hosted/aws-linux-node/cloud-aws/firecracker.pid
firecracker log: runtime/hosted/aws-linux-node/cloud-aws/firecracker.log
console stdout: runtime/hosted/aws-linux-node/cloud-aws/console.stdout.log
console stderr: runtime/hosted/aws-linux-node/cloud-aws/console.stderr.log
detail: control plane 'demo' resolved node 'aws-linux-node' but the node-agent runtime root 'runtime/hosted/aws-linux-node' does not contain machine state Routed through control plane 'demo' and node 'aws-linux-node'.

== hosted machine stop cloud-aws ==
machine: cloud-aws
previous state: stopped
current state: stopped
pid: (none)
inventory scope: hosted-fleet
lifecycle owner: hosted-node-agent
status source: control-plane-inventory-and-node-agent-runtime
stop route: hosted-control-plane
runtime dir: runtime/hosted/aws-linux-node/cloud-aws
detail: control plane 'demo' routed stop to node 'aws-linux-node', but the node-agent runtime root does not contain machine state

