---
recorded_at: 2026-03-08T06:38:26.154492674-07:00
mode: manual
files: [".keel/stories/1vz5nl000/EVIDENCE/ac-1.log"]
---

--- File: ac-1.log ---
== cargo test -q -p port-model ==

running 19 tests
...................
test result: ok. 19 passed; 0 failed; 0 ignored; 0 measured; 0 filtered out; finished in 0.01s


running 0 tests

test result: ok. 0 passed; 0 failed; 0 ignored; 0 measured; 0 filtered out; finished in 0.00s


== cargo test -q -p port-runtime ==

running 28 tests
............................
test result: ok. 28 passed; 0 failed; 0 ignored; 0 measured; 0 filtered out; finished in 0.21s


running 0 tests

test result: ok. 0 passed; 0 failed; 0 ignored; 0 measured; 0 filtered out; finished in 0.00s


== cargo test -q -p port-cli --test service_commands ==

running 1 test
.
test result: ok. 1 passed; 0 failed; 0 ignored; 0 measured; 0 filtered out; finished in 0.05s


