---
recorded_at: 2026-04-16T16:53:57.118524833-07:00
mode: manual
files: [".keel/stories/VGzxv3FOx/EVIDENCE/ac-1.log"]
---

--- File: ac-1.log ---
    Finished `test` profile [unoptimized + debuginfo] target(s) in 0.07s
     Running unittests src/lib.rs (/home/alex/.cache/cargo-target/port/debug/deps/port_agent_protocol-a8ea7141b8c948fa)

running 12 tests
test tests::copy_request_serializes_direction_and_paths ... ok
test tests::managed_service_operations_round_trip_through_json ... ok
test tests::newline_framing_round_trips_requests_and_responses ... ok
test tests::parse_forward_endpoint_supports_tcp_and_unix ... ok
test tests::ping_request_round_trips_through_json ... ok
test tests::pong_response_round_trips_through_json ... ok
test tests::render_forward_endpoint_preserves_scheme_for_unix ... ok
test tests::request_round_trips_through_json ... ok
test tests::responses_capture_operation_results ... ok
test tests::stream_frames_round_trip_through_json ... ok
test tests::stream_session_contract_round_trips_through_json ... ok
test tests::stream_session_contracts_encode_expected_lifecycle ... ok

test result: ok. 12 passed; 0 failed; 0 ignored; 0 measured; 0 filtered out; finished in 0.00s

     Running unittests src/lib.rs (/home/alex/.cache/cargo-target/port/debug/deps/port_guest_agent-083fd5ebc76bf472)

running 12 tests
test tests::background_supervisor_allows_always_service_to_recover_during_health_grace_period ... ok
test tests::background_supervisor_restarts_always_service_after_sustained_health_check_failure ... ok
test tests::background_supervisor_restarts_failed_service_without_status_polling ... ok
test tests::connection_streams_copy_and_forward ... ok
test tests::connection_streams_pty_and_followed_logs ... ok
test tests::daemon_serves_requests_over_unix_socket ... ok
test tests::persisted_running_record_with_live_pid_downgrades_stale_health_to_unknown ... ok
test tests::persisted_running_record_with_zombie_pid_is_not_reported_healthy ... ok
test tests::ping_leaves_running_managed_service_untouched ... ok
test tests::service_answers_ping_with_pong_under_response_budget ... ok
test tests::service_handles_exec_pty_and_logs ... ok
test tests::service_manages_process_lifecycle_and_redacts_secret_output ... ok

test result: ok. 12 passed; 0 failed; 0 ignored; 0 measured; 0 filtered out; finished in 3.02s

     Running unittests src/main.rs (/home/alex/.cache/cargo-target/port/debug/deps/port_guest_agent-53918daa2a51494d)

running 0 tests

test result: ok. 0 passed; 0 failed; 0 ignored; 0 measured; 0 filtered out; finished in 0.00s

   Doc-tests port_agent_protocol

running 0 tests

test result: ok. 0 passed; 0 failed; 0 ignored; 0 measured; 0 filtered out; finished in 0.00s

   Doc-tests port_guest_agent

running 0 tests

test result: ok. 0 passed; 0 failed; 0 ignored; 0 measured; 0 filtered out; finished in 0.00s


