---
recorded_at: 2026-03-11T22:08:35.307871568-07:00
command: bash -lc 'cd /home/alex/workspace/spoke-sh/port && cargo test -q -p port-cli machine_commands && rg -n "macOS-only|launcher-helper|fallback" docs/avf.md README.md RELEASE.md'
---

running 1 test
.
test result: ok. 1 passed; 0 failed; 0 ignored; 0 measured; 12 filtered out; finished in 0.01s


running 0 tests

test result: ok. 0 passed; 0 failed; 0 ignored; 0 measured; 0 filtered out; finished in 0.00s


running 0 tests

test result: ok. 0 passed; 0 failed; 0 ignored; 0 measured; 7 filtered out; finished in 0.00s


running 0 tests

test result: ok. 0 passed; 0 failed; 0 ignored; 0 measured; 8 filtered out; finished in 0.00s


running 0 tests

test result: ok. 0 passed; 0 failed; 0 ignored; 0 measured; 1 filtered out; finished in 0.00s


running 0 tests

test result: ok. 0 passed; 0 failed; 0 ignored; 0 measured; 16 filtered out; finished in 0.00s


running 0 tests

test result: ok. 0 passed; 0 failed; 0 ignored; 0 measured; 1 filtered out; finished in 0.00s


running 0 tests

test result: ok. 0 passed; 0 failed; 0 ignored; 0 measured; 4 filtered out; finished in 0.00s


running 0 tests

test result: ok. 0 passed; 0 failed; 0 ignored; 0 measured; 3 filtered out; finished in 0.00s

RELEASE.md:22:| `x86_64-unknown-linux-gnu` | Primary CLI package for local Firecracker workflows and hosted proof lanes on Linux. | Firecracker still requires a Linux host; PVM remains a prepared-node x86_64 lane rather than a generic local fallback. |
RELEASE.md:39:  `PORT_AVF_LAUNCHER` helper rather than a bundled macOS-only launcher
docs/avf.md:67:- use the same canonical `port` commands instead of a macOS-only command tree
docs/avf.md:95:  explicit macOS-only guidance instead of a generic launch error
docs/avf.md:113:- Port does not ship a bundled AVF launcher app, a macOS-only command tree, or
docs/avf.md:114:  a fallback workflow that silently switches to another local substrate
docs/avf.md:115:- unsupported hosts should fail fast with explicit macOS-only AVF guidance
docs/avf.md:116:  rather than a generic launch or packaging fallback

--- stderr ---
run-parts: unrecognized option '--regex'
BusyBox v1.37.0 () multi-call binary.

Usage: run-parts [-a ARG]... [-u UMASK] [--reverse] [--test] [--exit-on-error] [--list] DIRECTORY

Run a bunch of scripts in DIRECTORY

	-a ARG		Pass ARG as argument to scripts
	-u UMASK	Set UMASK before running scripts
	--reverse	Reverse execution order
	--test		Dry run
	--exit-on-error	Exit if a script exits with non-zero
	--list		Print names of matching files even if they are not executable
