---
recorded_at: 2026-04-22T11:21:19.533916299-07:00
command: bash -lc 'cd /home/alex/workspace/spoke-sh/port && cargo test -p port-runtime effective_recovery_wedge_uses_live_node_service_status_without_self_calling_control_plane -- --nocapture && cargo test -p port-runtime proxy_bytes_does_not_purge_stale_machine_placement_when_guest_socket_is_missing -- --nocapture'
---

running 1 test
test hosted_control_plane::tests::effective_recovery_wedge_uses_live_node_service_status_without_self_calling_control_plane ... ok

test result: ok. 1 passed; 0 failed; 0 ignored; 0 measured; 232 filtered out; finished in 0.01s


running 1 test
test hosted_control_plane::tests::proxy_bytes_does_not_purge_stale_machine_placement_when_guest_socket_is_missing ... ok

test result: ok. 1 passed; 0 failed; 0 ignored; 0 measured; 232 filtered out; finished in 0.01s


--- stderr ---
    Blocking waiting for file lock on package cache
    Blocking waiting for file lock on package cache
    Blocking waiting for file lock on package cache
    Blocking waiting for file lock on artifact directory
    Finished `test` profile [unoptimized + debuginfo] target(s) in 0.29s
     Running unittests src/lib.rs (/home/alex/.cache/cargo-target/spoke-infra/debug/deps/port_runtime-a01ac35e6b3e45bd)
    Blocking waiting for file lock on package cache
    Finished `test` profile [unoptimized + debuginfo] target(s) in 0.13s
     Running unittests src/lib.rs (/home/alex/.cache/cargo-target/spoke-infra/debug/deps/port_runtime-a01ac35e6b3e45bd)
