---
recorded_at: 2026-03-12T19:32:06.861695193-07:00
mode: manual
files: ["/tmp/vdi3o7kjn-ac1.log"]
---

--- File: vdi3o7kjn-ac1.log ---
workdir: /tmp/port-http-app.k6uqDK
server config: /tmp/port-http-app.k6uqDK/server-port.toml
client config: /tmp/port-http-app.k6uqDK/client-port.toml
machine: cloud-aws
host group: aws-builders
target: 127.0.0.1:18080

service apply:
$ /home/alex/workspace/spoke-sh/port/target/debug/port --config /tmp/port-http-app.k6uqDK/client-port.toml service apply --machine cloud-aws --host-group aws-builders --name web --kind service -- /bin/sh -lc mkdir\ -p\ workspace/site\ \&\&\ printf\ \'%s\\n\'\ \'hosted-app-ok\'\ \>\ workspace/site/index.html\ \&\&\ exec\ /usr/bin/busybox\ httpd\ -f\ -p\ 127.0.0.1:18080\ -h\ workspace/site
machine: cloud-aws
name: web
kind: service
desired state: active
runtime state: running
inventory scope: hosted-fleet
lifecycle owner: hosted-node-agent
guest broker: control-plane-node-agent-tunnel
service route: hosted-control-plane
control plane: demo
node: aws-linux-node
host groups: aws-builders, remote-linux
target host group: aws-builders
scheduler: deterministic-first-fit
restart policy: never
health policy: none
health command: (none)
manifest: /tmp/port-http-app.k6uqDK/hosted/aws-linux-node/cloud-aws/services/definitions/web.json
runtime record: /tmp/port-http-app.k6uqDK/hosted/aws-linux-node/cloud-aws/services/runtime/web.json
runtime pid: 55594
runtime exit code: (none)
restart count: 0
last exit code: (none)
last exit detail: (none)
health state: unknown
health detail: (none)
stdout log: /run/port/services/web.stdout.log
stderr log: /run/port/services/web.stderr.log
command: /bin/sh -lc mkdir -p workspace/site && printf '%s\n' 'hosted-app-ok' > workspace/site/index.html && exec /usr/bin/busybox httpd -f -p 127.0.0.1:18080 -h workspace/site
secret bindings: (none)
secret sources: (none)
detail: managed process is running

service status:
$ /home/alex/workspace/spoke-sh/port/target/debug/port --config /tmp/port-http-app.k6uqDK/client-port.toml service status --machine cloud-aws --name web
machine: cloud-aws
name: web
kind: service
desired state: active
runtime state: running
inventory scope: hosted-fleet
lifecycle owner: hosted-node-agent
guest broker: control-plane-node-agent-tunnel
service route: hosted-control-plane
control plane: demo
node: aws-linux-node
host groups: aws-builders, remote-linux
target host group: aws-builders
scheduler: deterministic-first-fit
restart policy: never
health policy: none
health command: (none)
manifest: /tmp/port-http-app.k6uqDK/hosted/aws-linux-node/cloud-aws/services/definitions/web.json
runtime record: /tmp/port-http-app.k6uqDK/hosted/aws-linux-node/cloud-aws/services/runtime/web.json
runtime pid: 55594
runtime exit code: (none)
restart count: 0
last exit code: (none)
last exit detail: (none)
health state: unknown
health detail: (none)
stdout log: /run/port/services/web.stdout.log
stderr log: /run/port/services/web.stderr.log
command: /bin/sh -lc mkdir -p workspace/site && printf '%s\n' 'hosted-app-ok' > workspace/site/index.html && exec /usr/bin/busybox httpd -f -p 127.0.0.1:18080 -h workspace/site
secret bindings: (none)
secret sources: (none)
detail: managed process is running

guest forward:

