---
recorded_at: 2026-03-12T19:32:06.889860554-07:00
mode: manual
files: ["/tmp/vdi3o7kjn-ac2.log"]
---

--- File: vdi3o7kjn-ac2.log ---
guest forward:
$ /home/alex/workspace/spoke-sh/port/target/debug/port --config /tmp/port-http-app.H31yPe/client-port.toml guest forward --machine cloud-aws --listen 127.0.0.1:0 --target 127.0.0.1:18080
forward listening: 127.0.0.1:38281
forward target: 127.0.0.1:18080
forward lifecycle: hosted-control-plane
forward listen address: 127.0.0.1:38281

curl:
$ curl --http1.0 -i -fsS http://127.0.0.1:38281/
HTTP/1.1 200 OK
Date: Fri, 13 Mar 2026 02:32:00 GMT
Connection: close
Content-type: text/html
Accept-Ranges: bytes
Last-Modified: Fri, 13 Mar 2026 02:31:59 GMT
ETag: "69b3771f-e"
Content-Length: 14

hosted-app-ok

service stop:
$ /home/alex/workspace/spoke-sh/port/target/debug/port --config /tmp/port-http-app.H31yPe/client-port.toml service stop --machine cloud-aws --name web
machine: cloud-aws
name: web
kind: service
desired state: stopped
runtime state: stopped
inventory scope: hosted-fleet
lifecycle owner: hosted-node-agent
guest broker: control-plane-node-agent-tunnel
service route: hosted-control-plane
control plane: demo
node: aws-linux-node
host groups: aws-builders, remote-linux
target host group: aws-builders
scheduler: deterministic-first-fit
restart policy: never
health policy: none
health command: (none)
manifest: /tmp/port-http-app.H31yPe/hosted/aws-linux-node/cloud-aws/services/definitions/web.json
runtime record: /tmp/port-http-app.H31yPe/hosted/aws-linux-node/cloud-aws/services/runtime/web.json
runtime pid: (none)
runtime exit code: (none)
restart count: 0
last exit code: (none)
last exit detail: managed process stopped
health state: unknown
health detail: (none)
stdout log: /run/port/services/web.stdout.log
stderr log: /run/port/services/web.stderr.log
command: /bin/sh -lc mkdir -p workspace/site && printf '%s\n' 'hosted-app-ok' > workspace/site/index.html && exec /usr/bin/busybox httpd -f -p 127.0.0.1:18080 -h workspace/site
secret bindings: (none)
secret sources: (none)
detail: managed process stopped

