---
recorded_at: 2026-03-07T17:51:23.671687633-08:00
mode: manual
files: ["/tmp/1vz2oY000-ac1.log"]
---

--- File: 1vz2oY000-ac1.log ---
== Automated proofs ==

running 1 test
test tests::list_machines_reports_running_stale_and_malformed_runtime_entries ... ok

test result: ok. 1 passed; 0 failed; 0 ignored; 0 measured; 17 filtered out; finished in 0.10s


running 1 test
test tests::help_includes_primary_surfaces ... ok

test result: ok. 1 passed; 0 failed; 0 ignored; 0 measured; 4 filtered out; finished in 0.00s


running 0 tests

test result: ok. 0 passed; 0 failed; 0 ignored; 0 measured; 0 filtered out; finished in 0.00s


running 0 tests

test result: ok. 0 passed; 0 failed; 0 ignored; 0 measured; 1 filtered out; finished in 0.00s


== CLI proof ==
machine: broken
state: malformed
pid: (none)
runtime dir: /tmp/port-machine-list-proof/broken
detail: failed to parse manifest '/tmp/port-machine-list-proof/broken/manifest.json': failed to decode manifest '/tmp/port-machine-list-proof/broken/manifest.json'

machine: running
state: running
pid: 1229275
runtime dir: /tmp/port-machine-list-proof/running
detail: live Firecracker process matches runtime manifest

machine: stale
state: stale
pid: 424242
runtime dir: /tmp/port-machine-list-proof/stale
detail: recorded Firecracker pid is no longer live


