---
recorded_at: 2026-03-07T17:51:22.579307117-08:00
mode: manual
files: ["/tmp/1vz2oY000-ac3.log"]
---

--- File: 1vz2oY000-ac3.log ---
== Automated proofs ==

running 1 test
test tests::stop_machine_terminates_live_port_owned_process ... ok

test result: ok. 1 passed; 0 failed; 0 ignored; 0 measured; 17 filtered out; finished in 0.20s


running 1 test
test tests::parses_machine_lifecycle_arguments ... ok

test result: ok. 1 passed; 0 failed; 0 ignored; 0 measured; 4 filtered out; finished in 0.00s


running 0 tests

test result: ok. 0 passed; 0 failed; 0 ignored; 0 measured; 0 filtered out; finished in 0.00s


running 0 tests

test result: ok. 0 passed; 0 failed; 0 ignored; 0 measured; 1 filtered out; finished in 0.00s


== CLI proof ==
machine: demo
previous state: running
current state: stopped
pid: 1229306
runtime dir: /tmp/port-machine-stop-proof/demo
detail: sent SIGTERM to pid and cleaned stale runtime sockets

