spoke infra dev shell
tools: just infra keel cargo rustfmt clippy flux pulumi kubectl helm aws sops age node pnpm
Infra Status local

cluster handoff  ready
gitops           incomplete
bootstrap        incomplete
state dir        /home/alex/workspace/spoke-sh/infra/.local/bootstrap/local
config           /home/alex/workspace/spoke-sh/infra/.local/bootstrap/local/port-k3s.toml (present)
kubeconfig       /home/alex/workspace/spoke-sh/infra/.local/bootstrap/local/kubeconfig.yaml (present)
runtime root     /home/alex/workspace/spoke-sh/infra/.local/bootstrap/local/runtime

Cluster
NAME       COMMAND  READINESS          VM         PID      KUBECONFIG   RUNTIME
demo       ok       ready              running    9730     available    /home/alex/workspace/spoke-sh/infra/.local/bootstrap/local/runtime/demo
            surface: port cluster kubeconfig --cluster demo --runtime-root <runtime-root>
            health cmd: opt/port/clusters/demo/bin/k3s kubectl get nodes -o wide
            guest kubeconfig: /etc/rancher/k3s/k3s.yaml
            api target: 127.0.0.1:6443
            port detail: Port owns machine launch, guest bootstrap, node-health confirmation, and
                         kubeconfig handoff for this first local cluster slice. Downstream
                         GitOps/bootstrap convergence remains separate work.
            boundary: Port readiness in this slice covers local machine launch, guest bootstrap,
                      guest-reported node visibility, and kubeconfig handoff. Downstream
                      GitOps/bootstrap convergence, richer networking, and multi-node expansion
                      remain follow-on work.
            health output:
              NAME   STATUS   ROLES                  AGE    VERSION         INTERNAL-IP   EXTERNAL-IP   OS-IMAGE   KERNEL-VERSION   CONTAINER-RUNTIME
              demo   Ready    control-plane,master   131m   v1.32.13+k3s1   10.66.0.1     10.66.0.1     Unknown    6.19.10          containerd://2.1.5-k3s1.32

Access
SURFACE      STATE        PID      LISTEN                 TARGET
forward      running      9898     127.0.0.1:37629        127.0.0.1:6443
              detail: forward manifest
                      /home/alex/workspace/spoke-sh/infra/.local/bootstrap/local/runtime/demo/forwards/cluster-demo-api.json
                      for machine demo
              stdout: /home/alex/workspace/spoke-sh/infra/.local/bootstrap/local/runtime/demo/forwards/cluster-demo-api.stdout.log
              stderr: /home/alex/workspace/spoke-sh/infra/.local/bootstrap/local/runtime/demo/forwards/cluster-demo-api.stderr.log
kubectl      ok           /home/alex/workspace/spoke-sh/infra/.local/bootstrap/local/kubeconfig.yaml
              detail: kubectl can read nodes
              nodes:
                NAME   STATUS   ROLES                  AGE    VERSION         INTERNAL-IP   EXTERNAL-IP   OS-IMAGE   KERNEL-VERSION   CONTAINER-RUNTIME
                demo   Ready    control-plane,master   131m   v1.32.13+k3s1   10.66.0.1     10.66.0.1     Unknown    6.19.10          containerd://2.1.5-k3s1.32

API
SURFACE            STATUS       DETAIL
kubernetes         ready        required GitOps API resources are available

Controllers
NAME               STATUS       DETAIL
flux               ready        4 deployment(s) available in namespace flux-system
pulumi-operator    missing      deployment lookup failed: Error from server (NotFound): deployments.apps "pulumi-kubernetes-operator" not found
