---
recorded_at: 2026-03-06T14:45:51.200072471-08:00
command: nix develop -c cargo test
---

running 3 tests
test tests::copy_request_serializes_direction_and_paths ... ok
test tests::responses_capture_stream_and_completion ... ok
test tests::request_round_trips_through_json ... ok

test result: ok. 3 passed; 0 failed; 0 ignored; 0 measured; 0 filtered out; finished in 0.00s


running 3 tests
test tests::parses_machine_launch_arguments ... ok
test tests::parses_guest_exec_trailing_command ... ok
test tests::help_includes_primary_surfaces ... ok

test result: ok. 3 passed; 0 failed; 0 ignored; 0 measured; 0 filtered out; finished in 0.00s


running 0 tests

test result: ok. 0 passed; 0 failed; 0 ignored; 0 measured; 0 filtered out; finished in 0.00s


running 2 tests
test tests::sample_config_exposes_expected_sections ... ok
test tests::sample_config_round_trips_through_toml ... ok

test result: ok. 2 passed; 0 failed; 0 ignored; 0 measured; 0 filtered out; finished in 0.00s


running 0 tests

test result: ok. 0 passed; 0 failed; 0 ignored; 0 measured; 0 filtered out; finished in 0.00s


running 0 tests

test result: ok. 0 passed; 0 failed; 0 ignored; 0 measured; 0 filtered out; finished in 0.00s


running 0 tests

test result: ok. 0 passed; 0 failed; 0 ignored; 0 measured; 0 filtered out; finished in 0.00s


--- stderr ---
path '/home/alex/workspace/spoke-sh/port/.keel' does not contain a 'flake.nix', searching up
    Finished `test` profile [unoptimized + debuginfo] target(s) in 0.03s
     Running unittests src/lib.rs (/home/alex/.cache/cargo-target/port/debug/deps/port_agent_protocol-add519aa8c8668ea)
     Running unittests src/lib.rs (/home/alex/.cache/cargo-target/port/debug/deps/port_cli-45419f6f1c9556a1)
     Running unittests src/main.rs (/home/alex/.cache/cargo-target/port/debug/deps/port-3e29ce03a46bdb76)
     Running unittests src/lib.rs (/home/alex/.cache/cargo-target/port/debug/deps/port_model-8929870778505fb7)
   Doc-tests port_agent_protocol
   Doc-tests port_cli
   Doc-tests port_model
