---
recorded_at: 2026-03-07T19:38:38,059418463-08:00
command: bash /home/alex/workspace/spoke-sh/port/.keel/stories/1vz4hB000/verify-ac-1.sh
---


running 16 tests
................
test result: ok. 16 passed; 0 failed; 0 ignored; 0 measured; 0 filtered out; finished in 0.01s


running 0 tests

test result: ok. 0 passed; 0 failed; 0 ignored; 0 measured; 0 filtered out; finished in 0.00s

host_os: linux
local_firecracker_supported: true
check[ok]: host-platform (required=true) - Local Firecracker launch is available on Linux hosts.
check[ok]: kvm-device (required=true) - Found /dev/kvm for KVM acceleration.
check[fail]: firecracker-binary (required=true) - Missing 'firecracker' on PATH.
check[ok]: iproute2 (required=true) - Found 'ip' at '/usr/sbin/ip' with expected identity.
check[ok]: iptables (required=true) - Found 'iptables' at '/usr/sbin/iptables' with expected identity.
check[fail]: artifact:demo-kernel (required=true) - Artifact variant 'artifacts/kernel/demo/x86_64/firecracker/standard/vmlinux' is missing. Build or pull the native variant first.
check[fail]: artifact:demo-guest (required=true) - Artifact variant 'artifacts/guest/demo/x86_64/firecracker/standard/rootfs.ext4' is missing. Build or pull the native variant first.
check[ok]: host:aws-linux (required=false) - provider 'aws' remains a justified future Firecracker lane, but remote launch is not implemented in the MVP. Hosted routing is modeled through control plane 'demo'.
check[fail]: host:azure-linux (required=false) - provider 'azure' is explicitly unsupported for the Firecracker MVP; do not expect a working launch path. Hosted routing is modeled through control plane 'demo'.
check[ok]: host:gcp-linux (required=false) - provider 'gcp' remains a justified future Firecracker lane, but remote launch is not implemented in the MVP. Hosted routing is modeled through control plane 'demo'.
check[ok]: host:generic-linux (required=false) - provider 'generic-linux' is modeled for a future remote Linux control lane, but remote launch is not implemented in the MVP. Hosted routing is modeled through control plane 'demo'.
check[ok]: control-plane:demo (required=false) - Hosted control plane 'demo' targets 'https://port.example.internal' with audience 'port-hosted-demo' and expects a bearer token from env:PORT_DEMO_TOKEN via the 'authorization' header.
check[ok]: machine:cloud-aws (required=false) - Machine models Firecracker/Standard/X86_64 with compatible artifacts.
check[ok]: machine:cloud-azure (required=false) - Machine models Firecracker/Standard/X86_64 with compatible artifacts.
check[ok]: machine:cloud-gcp (required=false) - Machine models Firecracker/Standard/X86_64 with compatible artifacts.
check[ok]: machine:cloud-generic (required=false) - Machine models Firecracker/Standard/X86_64 with compatible artifacts.
check[ok]: machine:demo (required=false) - Machine models Firecracker/Standard/X86_64 with compatible artifacts.
note: port doctor reports the host state without mutating runtime directories.
note: macOS operators should run Port on a Linux host because Firecracker local launch requires Linux and /dev/kvm.
note: Windows operators should use WSL or a remote Linux host, then rely on port doctor to confirm whether local Firecracker launch is available.
note: Remote Linux hosts are modeled provider-by-provider, but the MVP launch path is still local Linux only.
13:    pub nodes: BTreeMap<String, HostedNodeSpec>,
15:    pub host_groups: BTreeMap<String, HostedHostGroupSpec>,
168:                HostedNodeSpec {
184:                HostedNodeSpec {
200:                HostedNodeSpec {
219:                HostedHostGroupSpec {
220:                    placement: HostedPlacementPolicy::ExplicitMembership,
233:                HostedHostGroupSpec {
234:                    placement: HostedPlacementPolicy::ExplicitMembership,
351:    pub fn hosted_inventory_contract(&self) -> Result<HostedInventoryContract, ValidationError> {
422:        Ok(HostedInventoryContract { nodes, host_groups })
801:pub struct HostedNodeSpec {
817:pub struct HostedHostGroupSpec {
818:    pub placement: HostedPlacementPolicy,
825:pub enum HostedPlacementPolicy {
830:pub struct HostedInventoryContract {
849:    pub placement: HostedPlacementPolicy,
1442:    node: &HostedNodeSpec,
1474:    group: &HostedHostGroupSpec,
1528:        HostProvider, HostedAuthTokenSource, HostedPlacementPolicy, MachineArchitecture,
1736:            .hosted_inventory_contract()
1749:        assert_eq!(remote_group.placement, HostedPlacementPolicy::ExplicitMembership);
1760:            super::HostedNodeSpec {
155:[nodes.aws-linux-node]
177:[host_groups.remote-linux]
