---
recorded_at: 2026-03-09T00:11:02.820435990-07:00
command: bash /home/alex/workspace/spoke-sh/port/.keel/stories/1vzTSY000/verify-ac-1.sh
---

running 1 test
.
test result: ok. 1 passed; 0 failed; 0 ignored; 0 measured; 9 filtered out; finished in 0.01s


running 0 tests

test result: ok. 0 passed; 0 failed; 0 ignored; 0 measured; 0 filtered out; finished in 0.00s


running 0 tests

test result: ok. 0 passed; 0 failed; 0 ignored; 0 measured; 1 filtered out; finished in 0.00s


running 0 tests

test result: ok. 0 passed; 0 failed; 0 ignored; 0 measured; 6 filtered out; finished in 0.00s


running 0 tests

test result: ok. 0 passed; 0 failed; 0 ignored; 0 measured; 1 filtered out; finished in 0.00s


running 0 tests

test result: ok. 0 passed; 0 failed; 0 ignored; 0 measured; 8 filtered out; finished in 0.00s


running 0 tests

test result: ok. 0 passed; 0 failed; 0 ignored; 0 measured; 1 filtered out; finished in 0.00s

workdir: /tmp/porthd.8uD6Bo
server config: /tmp/porthd.8uD6Bo/server-port.toml
client config: /tmp/porthd.8uD6Bo/client-port.toml

machine list:
machine: cloud-aws
state: stopped
pid: 424242
inventory scope: hosted-fleet
inventory owner: hosted-control-plane
lifecycle owner: hosted-node-agent
status source: control-plane-inventory-and-node-agent-runtime
status route: hosted-control-plane
runtime dir: /tmp/porthd.8uD6Bo/hosted/aws-linux-node/cloud-aws
detail: launch manifest exists but no live Firecracker process is recorded Routed through control plane 'demo' and node 'aws-linux-node'.

machine: cloud-gcp
state: malformed
pid: (none)
inventory scope: hosted-fleet
inventory owner: hosted-control-plane
lifecycle owner: hosted-node-agent
status source: control-plane-inventory-and-node-agent-runtime
status route: hosted-control-plane
runtime dir: .port/hosted/demo/cloud-gcp
detail: control plane 'demo' could not route machine 'cloud-gcp' because none of the candidate nodes ["gcp-linux-node"] have a live registered node-agent endpoint. machine 'cloud-gcp' requires standard protection on x86_64 via firecracker; candidate nodes: gcp-linux-node

machine: cloud-generic
state: malformed
pid: (none)
inventory scope: hosted-fleet
inventory owner: hosted-control-plane
lifecycle owner: hosted-node-agent
status source: control-plane-inventory-and-node-agent-runtime
status route: hosted-control-plane
runtime dir: .port/hosted/demo/cloud-generic
detail: control plane 'demo' could not route machine 'cloud-generic' because none of the candidate nodes ["generic-linux-node"] have a live registered node-agent endpoint. machine 'cloud-generic' requires standard protection on x86_64 via firecracker; candidate nodes: generic-linux-node

machine: demo
state: running
pid: 3189598
inventory scope: local-runtime-root
inventory owner: local-runtime-root
lifecycle owner: local-port-runtime
status source: runtime-manifest-and-host-process
status route: direct-local-runtime
runtime dir: runtime/demo
detail: live Firecracker process matches runtime manifest


machine status:
machine: cloud-aws
state: stopped
pid: 424242
inventory scope: hosted-fleet
inventory owner: hosted-control-plane
lifecycle owner: hosted-node-agent
guest broker: control-plane-node-agent-tunnel
status source: control-plane-inventory-and-node-agent-runtime
launch route: hosted-control-plane
inventory route: hosted-control-plane
status route: hosted-control-plane
stop route: hosted-control-plane
guest route: hosted-control-plane
runtime dir: /tmp/porthd.8uD6Bo/hosted/aws-linux-node/cloud-aws
config path: /tmp/porthd.8uD6Bo/hosted/aws-linux-node/cloud-aws/firecracker-config.json
manifest: /tmp/porthd.8uD6Bo/hosted/aws-linux-node/cloud-aws/manifest.json
pid file: /tmp/porthd.8uD6Bo/hosted/aws-linux-node/cloud-aws/firecracker.pid
firecracker log: /tmp/porthd.8uD6Bo/hosted/aws-linux-node/cloud-aws/firecracker.log
console stdout: /tmp/porthd.8uD6Bo/hosted/aws-linux-node/cloud-aws/console.stdout.log
console stderr: /tmp/porthd.8uD6Bo/hosted/aws-linux-node/cloud-aws/console.stderr.log
detail: launch manifest exists but no live Firecracker process is recorded Routed through control plane 'demo' and node 'aws-linux-node'.

guest exec:
hosted-http-ok

guest copy host-to-guest:
copied 7 bytes via HostToGuest to /workspace/copied.txt

guest copy guest-to-host:
copied 7 bytes via GuestToHost to /tmp/porthd.8uD6Bo/roundtrip.txt

guest logs:
second

guest forward detached start:
forward name: demo-sock
forward listening: unix:/tmp/porthd.8uD6Bo/hosted-detached.sock
forward target: unix:/tmp/porthd.8uD6Bo/hosted/aws-linux-node/cloud-aws/guest-agent.sock
forward lifecycle: detached
forward pid: 1199889
forward stdout: /tmp/porthd.8uD6Bo/hosted/aws-linux-node/cloud-aws/forwards/demo-sock.stdout.log
forward stderr: /tmp/porthd.8uD6Bo/hosted/aws-linux-node/cloud-aws/forwards/demo-sock.stderr.log

guest forward detached list:
forward: demo-sock
state: running
pid: 1199889
listen: unix:/tmp/porthd.8uD6Bo/hosted-detached.sock
target: unix:/tmp/porthd.8uD6Bo/hosted/aws-linux-node/cloud-aws/guest-agent.sock
stdout: /tmp/porthd.8uD6Bo/hosted/aws-linux-node/cloud-aws/forwards/demo-sock.stdout.log
stderr: /tmp/porthd.8uD6Bo/hosted/aws-linux-node/cloud-aws/forwards/demo-sock.stderr.log


guest forward detached stop:
forward name: demo-sock
forward lifecycle: detached
forward state: stopped
forward pid: 1199889

roundtrip file:
copy-ok
current hosted demo limits:
- hosted guest forward detached lifecycle now ships through start/list/stop/name on the live control-plane path
- no autoscaling, no broader fleet policy, and no external inventory yet
- retries, richer client policies, and advanced auth/tenancy remain follow-on work
