---
recorded_at: 2026-03-09T09:01:29.773693384-07:00
command: bash -lc 'cd /home/alex/workspace/spoke-sh/port && cargo test -q -p port-runtime doctor_report_uses_imported_prepared_hosted_pvm_state -- --exact && cargo test -q -p port-cli --test machine_commands cli_control_plane_prepare_pvm_node_enables_generic_hosted_pvm_launch -- --exact'
---

running 0 tests

test result: ok. 0 passed; 0 failed; 0 ignored; 0 measured; 94 filtered out; finished in 0.00s


running 1 test
.
test result: ok. 1 passed; 0 failed; 0 ignored; 0 measured; 11 filtered out; finished in 3.10s


--- stderr ---
run-parts: unrecognized option '--regex'
BusyBox v1.37.0 () multi-call binary.

Usage: run-parts [-a ARG]... [-u UMASK] [--reverse] [--test] [--exit-on-error] [--list] DIRECTORY

Run a bunch of scripts in DIRECTORY

	-a ARG		Pass ARG as argument to scripts
	-u UMASK	Set UMASK before running scripts
	--reverse	Reverse execution order
	--test		Dry run
	--exit-on-error	Exit if a script exits with non-zero
	--list		Print names of matching files even if they are not executable
