---
recorded_at: 2026-03-06T14:58:59.983494069-08:00
command: nix develop -c cargo test
---

running 3 tests
test tests::copy_request_serializes_direction_and_paths ... ok
test tests::responses_capture_stream_and_completion ... ok
test tests::request_round_trips_through_json ... ok

test result: ok. 3 passed; 0 failed; 0 ignored; 0 measured; 0 filtered out; finished in 0.00s


running 3 tests
test tests::parses_guest_exec_trailing_command ... ok
test tests::parses_machine_launch_arguments ... ok
test tests::help_includes_primary_surfaces ... ok

test result: ok. 3 passed; 0 failed; 0 ignored; 0 measured; 0 filtered out; finished in 0.00s


running 0 tests

test result: ok. 0 passed; 0 failed; 0 ignored; 0 measured; 0 filtered out; finished in 0.00s


running 2 tests
test tests::sample_config_exposes_expected_sections ... ok
test tests::sample_config_round_trips_through_toml ... ok

test result: ok. 2 passed; 0 failed; 0 ignored; 0 measured; 0 filtered out; finished in 0.00s


running 3 tests
test tests::firecracker_config_contains_kernel_rootfs_and_vsock ... ok
test tests::runtime_paths_are_deterministic ... ok
test tests::path_checks_report_missing_artifacts ... ok

test result: ok. 3 passed; 0 failed; 0 ignored; 0 measured; 0 filtered out; finished in 0.00s


running 0 tests

test result: ok. 0 passed; 0 failed; 0 ignored; 0 measured; 0 filtered out; finished in 0.00s


running 0 tests

test result: ok. 0 passed; 0 failed; 0 ignored; 0 measured; 0 filtered out; finished in 0.00s


running 0 tests

test result: ok. 0 passed; 0 failed; 0 ignored; 0 measured; 0 filtered out; finished in 0.00s


running 0 tests

test result: ok. 0 passed; 0 failed; 0 ignored; 0 measured; 0 filtered out; finished in 0.00s


--- stderr ---
path '/home/alex/workspace/spoke-sh/port/.keel' does not contain a 'flake.nix', searching up
    Finished `test` profile [unoptimized + debuginfo] target(s) in 0.04s
     Running unittests src/lib.rs (/home/alex/.cache/cargo-target/port/debug/deps/port_agent_protocol-add519aa8c8668ea)
     Running unittests src/lib.rs (/home/alex/.cache/cargo-target/port/debug/deps/port_cli-d80927e01981a1c5)
     Running unittests src/main.rs (/home/alex/.cache/cargo-target/port/debug/deps/port-f13491d0b6aba930)
     Running unittests src/lib.rs (/home/alex/.cache/cargo-target/port/debug/deps/port_model-8929870778505fb7)
     Running unittests src/lib.rs (/home/alex/.cache/cargo-target/port/debug/deps/port_runtime-c3b28ccad7a8650a)
   Doc-tests port_agent_protocol
   Doc-tests port_cli
   Doc-tests port_model
   Doc-tests port_runtime
