---
recorded_at: 2026-03-09T03:39:07.969895762-07:00
command: bash -lc 'cd /home/alex/workspace/spoke-sh/port && cargo test -q -p port-cli --test machine_commands cli_hosted_standard_cloud_launch_round_trip && cargo test -q -p port-cli --test machine_commands cli_hosted_standard_status_and_stop_round_trip && ! grep -nE "run Port on the AWS Linux host itself|run Port on the GCP Linux host itself|run Port on that Linux host directly" README.md docs/cloud.md docs/hosted.md crates/port-cli/src/lib.rs'
---

running 1 test
.
test result: ok. 1 passed; 0 failed; 0 ignored; 0 measured; 10 filtered out; finished in 3.07s


running 1 test
.
test result: ok. 1 passed; 0 failed; 0 ignored; 0 measured; 10 filtered out; finished in 3.20s


--- stderr ---
run-parts: unrecognized option '--regex'
BusyBox v1.37.0 () multi-call binary.

Usage: run-parts [-a ARG]... [-u UMASK] [--reverse] [--test] [--exit-on-error] [--list] DIRECTORY

Run a bunch of scripts in DIRECTORY

	-a ARG		Pass ARG as argument to scripts
	-u UMASK	Set UMASK before running scripts
	--reverse	Reverse execution order
	--test		Dry run
	--exit-on-error	Exit if a script exits with non-zero
	--list		Print names of matching files even if they are not executable
