---
recorded_at: 2026-03-09T09:34:48.611330552-07:00
command: bash -lc 'cd /home/alex/workspace/spoke-sh/port && cargo test -q -p port-model && cargo test -q -p port-runtime resolve_artifact_metadata_reports_missing_selected_cloud_hypervisor_variant_without_fallback && cargo test -q -p port-cli && cargo run -q -p port-cli -- --config examples/port.toml doctor | rg "machine:demo-ch|cloud-hypervisor:demo-ch"'
---

running 40 tests
........................................
test result: ok. 40 passed; 0 failed; 0 ignored; 0 measured; 0 filtered out; finished in 0.07s


running 0 tests

test result: ok. 0 passed; 0 failed; 0 ignored; 0 measured; 0 filtered out; finished in 0.00s


running 1 test
.
test result: ok. 1 passed; 0 failed; 0 ignored; 0 measured; 96 filtered out; finished in 0.00s


running 13 tests
.............
test result: ok. 13 passed; 0 failed; 0 ignored; 0 measured; 0 filtered out; finished in 0.04s


running 0 tests

test result: ok. 0 passed; 0 failed; 0 ignored; 0 measured; 0 filtered out; finished in 0.00s


running 5 tests
.....
test result: ok. 5 passed; 0 failed; 0 ignored; 0 measured; 0 filtered out; finished in 6.10s


running 6 tests
......
test result: ok. 6 passed; 0 failed; 0 ignored; 0 measured; 0 filtered out; finished in 1.17s


running 1 test
.
test result: ok. 1 passed; 0 failed; 0 ignored; 0 measured; 0 filtered out; finished in 0.11s


running 12 tests
.........i..
test result: ok. 11 passed; 0 failed; 1 ignored; 0 measured; 0 filtered out; finished in 13.07s


running 1 test
.
test result: ok. 1 passed; 0 failed; 0 ignored; 0 measured; 0 filtered out; finished in 1.13s


running 0 tests

test result: ok. 0 passed; 0 failed; 0 ignored; 0 measured; 0 filtered out; finished in 0.00s

check[ok]: machine:demo-ch (required=false) - Machine models CloudHypervisor/Standard/X86_64 with compatible artifacts.
check[ok]: cloud-hypervisor:demo-ch:host-platform (required=false) - Host OS is Linux and matches the local Cloud Hypervisor lane requirement.
check[ok]: cloud-hypervisor:demo-ch:host-architecture (required=false) - Detected host architecture 'x86_64' is supported by the Cloud Hypervisor lane (supported: x86_64, aarch64).
check[ok]: cloud-hypervisor:demo-ch:protection-mode (required=false) - Cloud Hypervisor currently defines the standard protection lane only.
check[fail]: cloud-hypervisor:demo-ch:binary (required=false) - Missing 'cloud-hypervisor' on PATH.

--- stderr ---
run-parts: unrecognized option '--regex'
BusyBox v1.37.0 () multi-call binary.

Usage: run-parts [-a ARG]... [-u UMASK] [--reverse] [--test] [--exit-on-error] [--list] DIRECTORY

Run a bunch of scripts in DIRECTORY

	-a ARG		Pass ARG as argument to scripts
	-u UMASK	Set UMASK before running scripts
	--reverse	Reverse execution order
	--test		Dry run
	--exit-on-error	Exit if a script exits with non-zero
	--list		Print names of matching files even if they are not executable
