---
recorded_at: 2026-04-22T12:18:40.228656925-07:00
command: cargo test -p port-runtime hosted_k3s_cluster_access_ -- --nocapture --test-threads=1
---

running 3 tests
test tests::hosted_k3s_cluster_access_contract ... ok
test tests::hosted_k3s_cluster_access_reports_kubeconfig_handoff_separately ... ok
test tests::hosted_k3s_cluster_access_reports_legacy_detached_runtime_drift ... ok

test result: ok. 3 passed; 0 failed; 0 ignored; 0 measured; 234 filtered out; finished in 18.66s


--- stderr ---
    Finished `test` profile [unoptimized + debuginfo] target(s) in 0.10s
     Running unittests src/lib.rs (/home/alex/.cache/cargo-target/spoke-infra/debug/deps/port_runtime-a01ac35e6b3e45bd)

thread 'tokio-rt-worker' (2693392) panicked at /home/alex/.cargo/registry/src/index.crates.io-1949cf8c6b5b557f/tokio-1.50.0/src/runtime/blocking/shutdown.rs:51:21:
Cannot drop a runtime in a context where blocking is not allowed. This happens when a runtime is dropped from within an asynchronous context.
note: run with `RUST_BACKTRACE=1` environment variable to display a backtrace

thread 'tokio-rt-worker' (2693392) panicked at /home/alex/.cargo/registry/src/index.crates.io-1949cf8c6b5b557f/tokio-1.50.0/src/runtime/blocking/shutdown.rs:51:21:
Cannot drop a runtime in a context where blocking is not allowed. This happens when a runtime is dropped from within an asynchronous context.

thread 'tokio-rt-worker' (2698733) panicked at /home/alex/.cargo/registry/src/index.crates.io-1949cf8c6b5b557f/tokio-1.50.0/src/runtime/blocking/shutdown.rs:51:21:
Cannot drop a runtime in a context where blocking is not allowed. This happens when a runtime is dropped from within an asynchronous context.

thread 'tokio-rt-worker' (2698732) panicked at /home/alex/.cargo/registry/src/index.crates.io-1949cf8c6b5b557f/tokio-1.50.0/src/runtime/blocking/shutdown.rs:51:21:
Cannot drop a runtime in a context where blocking is not allowed. This happens when a runtime is dropped from within an asynchronous context.

thread 'tokio-rt-worker' (2703947) panicked at /home/alex/.cargo/registry/src/index.crates.io-1949cf8c6b5b557f/tokio-1.50.0/src/runtime/blocking/shutdown.rs:51:21:
Cannot drop a runtime in a context where blocking is not allowed. This happens when a runtime is dropped from within an asynchronous context.

thread 'tokio-rt-worker' (2703947) panicked at /home/alex/.cargo/registry/src/index.crates.io-1949cf8c6b5b557f/tokio-1.50.0/src/runtime/blocking/shutdown.rs:51:21:
Cannot drop a runtime in a context where blocking is not allowed. This happens when a runtime is dropped from within an asynchronous context.
