---
recorded_at: 2026-03-06T15:21:15.201299226-08:00
command: cargo test -p port-agent-protocol -p port-guest-agent
---

running 4 tests
test tests::copy_request_serializes_direction_and_paths ... ok
test tests::request_round_trips_through_json ... ok
test tests::responses_capture_operation_results ... ok
test tests::newline_framing_round_trips_requests_and_responses ... ok

test result: ok. 4 passed; 0 failed; 0 ignored; 0 measured; 0 filtered out; finished in 0.00s


running 2 tests
test tests::daemon_serves_requests_over_unix_socket ... ok
test tests::service_handles_exec_copy_pty_logs_and_forward ... ok

test result: ok. 2 passed; 0 failed; 0 ignored; 0 measured; 0 filtered out; finished in 0.10s


running 0 tests

test result: ok. 0 passed; 0 failed; 0 ignored; 0 measured; 0 filtered out; finished in 0.00s


running 0 tests

test result: ok. 0 passed; 0 failed; 0 ignored; 0 measured; 0 filtered out; finished in 0.00s


running 0 tests

test result: ok. 0 passed; 0 failed; 0 ignored; 0 measured; 0 filtered out; finished in 0.00s


--- stderr ---
    Finished `test` profile [unoptimized + debuginfo] target(s) in 0.04s
     Running unittests src/lib.rs (/home/alex/.cache/cargo-target/port/debug/deps/port_agent_protocol-add519aa8c8668ea)
     Running unittests src/lib.rs (/home/alex/.cache/cargo-target/port/debug/deps/port_guest_agent-fe2e05437fdfbef7)
     Running unittests src/main.rs (/home/alex/.cache/cargo-target/port/debug/deps/port_guest_agent-96644e0e05bf9756)
   Doc-tests port_agent_protocol
   Doc-tests port_guest_agent
