---
recorded_at: 2026-03-06T15:21:24.496048105-08:00
command: cargo test
---

running 4 tests
test tests::copy_request_serializes_direction_and_paths ... ok
test tests::request_round_trips_through_json ... ok
test tests::responses_capture_operation_results ... ok
test tests::newline_framing_round_trips_requests_and_responses ... ok

test result: ok. 4 passed; 0 failed; 0 ignored; 0 measured; 0 filtered out; finished in 0.00s


running 4 tests
test tests::parses_guest_exec_trailing_command ... ok
test tests::parses_guest_copy_direction_and_runtime_root ... ok
test tests::parses_machine_launch_arguments ... ok
test tests::help_includes_primary_surfaces ... ok

test result: ok. 4 passed; 0 failed; 0 ignored; 0 measured; 0 filtered out; finished in 0.00s


running 0 tests

test result: ok. 0 passed; 0 failed; 0 ignored; 0 measured; 0 filtered out; finished in 0.00s


running 1 test
test cli_guest_commands_cover_all_capabilities ... ok

test result: ok. 1 passed; 0 failed; 0 ignored; 0 measured; 0 filtered out; finished in 0.09s


running 2 tests
test tests::daemon_serves_requests_over_unix_socket ... ok
test tests::service_handles_exec_copy_pty_logs_and_forward ... ok

test result: ok. 2 passed; 0 failed; 0 ignored; 0 measured; 0 filtered out; finished in 0.09s


running 0 tests

test result: ok. 0 passed; 0 failed; 0 ignored; 0 measured; 0 filtered out; finished in 0.00s


running 2 tests
test tests::sample_config_exposes_expected_sections ... ok
test tests::sample_config_round_trips_through_toml ... ok

test result: ok. 2 passed; 0 failed; 0 ignored; 0 measured; 0 filtered out; finished in 0.00s


running 3 tests
test tests::runtime_paths_are_deterministic ... ok
test tests::firecracker_config_contains_kernel_rootfs_and_vsock ... ok
test tests::path_checks_report_missing_artifacts ... ok

test result: ok. 3 passed; 0 failed; 0 ignored; 0 measured; 0 filtered out; finished in 0.00s


running 0 tests

test result: ok. 0 passed; 0 failed; 0 ignored; 0 measured; 0 filtered out; finished in 0.00s


running 0 tests

test result: ok. 0 passed; 0 failed; 0 ignored; 0 measured; 0 filtered out; finished in 0.00s


running 0 tests

test result: ok. 0 passed; 0 failed; 0 ignored; 0 measured; 0 filtered out; finished in 0.00s


running 0 tests

test result: ok. 0 passed; 0 failed; 0 ignored; 0 measured; 0 filtered out; finished in 0.00s


running 0 tests

test result: ok. 0 passed; 0 failed; 0 ignored; 0 measured; 0 filtered out; finished in 0.00s


--- stderr ---
   Compiling port-cli v0.1.0 (/home/alex/workspace/spoke-sh/port/crates/port-cli)
    Finished `test` profile [unoptimized + debuginfo] target(s) in 0.49s
     Running unittests src/lib.rs (/home/alex/.cache/cargo-target/port/debug/deps/port_agent_protocol-add519aa8c8668ea)
     Running unittests src/lib.rs (/home/alex/.cache/cargo-target/port/debug/deps/port_cli-5efa9b03c37cb7f8)
     Running unittests src/main.rs (/home/alex/.cache/cargo-target/port/debug/deps/port-0de85e2061475148)
     Running tests/guest_commands.rs (/home/alex/.cache/cargo-target/port/debug/deps/guest_commands-01e35c5876c4d372)
     Running unittests src/lib.rs (/home/alex/.cache/cargo-target/port/debug/deps/port_guest_agent-fe2e05437fdfbef7)
     Running unittests src/main.rs (/home/alex/.cache/cargo-target/port/debug/deps/port_guest_agent-96644e0e05bf9756)
     Running unittests src/lib.rs (/home/alex/.cache/cargo-target/port/debug/deps/port_model-8929870778505fb7)
     Running unittests src/lib.rs (/home/alex/.cache/cargo-target/port/debug/deps/port_runtime-ee98e27f6f85aacc)
   Doc-tests port_agent_protocol
   Doc-tests port_cli
   Doc-tests port_guest_agent
   Doc-tests port_model
   Doc-tests port_runtime
