---
recorded_at: 2026-03-08T06:56:05.734774300-07:00
mode: manual
files: [".keel/stories/1vzEVi000/EVIDENCE/ac-1.log"]
---

--- File: ac-1.log ---
== cargo test -q -p port-hosted-protocol ==

running 5 tests
.....
test result: ok. 5 passed; 0 failed; 0 ignored; 0 measured; 0 filtered out; finished in 0.00s


running 0 tests

test result: ok. 0 passed; 0 failed; 0 ignored; 0 measured; 0 filtered out; finished in 0.00s


== cargo test -q -p port-sdk ==

running 4 tests
....
test result: ok. 4 passed; 0 failed; 0 ignored; 0 measured; 0 filtered out; finished in 0.00s


running 0 tests

test result: ok. 0 passed; 0 failed; 0 ignored; 0 measured; 0 filtered out; finished in 0.00s


== cargo test -q -p port-model ==

running 19 tests
...................
test result: ok. 19 passed; 0 failed; 0 ignored; 0 measured; 0 filtered out; finished in 0.01s


running 0 tests

test result: ok. 0 passed; 0 failed; 0 ignored; 0 measured; 0 filtered out; finished in 0.00s


