---
recorded_at: 2026-03-08T15:36:32.474586042-07:00
command: bash /home/alex/workspace/spoke-sh/port/.keel/stories/1vzMXN000/verify-ac-2.sh | tee /home/alex/workspace/spoke-sh/port/.keel/stories/1vzMXN000/EVIDENCE/ac-2.log
---
== cargo test -q -p port-sdk ==

running 8 tests
........
test result: ok. 8 passed; 0 failed; 0 ignored; 0 measured; 0 filtered out; finished in 0.00s


running 0 tests

test result: ok. 0 passed; 0 failed; 0 ignored; 0 measured; 0 filtered out; finished in 0.00s


== cargo test -q -p port-runtime ==

running 52 tests
....................................................
test result: ok. 52 passed; 0 failed; 0 ignored; 0 measured; 0 filtered out; finished in 3.20s


running 0 tests

test result: ok. 0 passed; 0 failed; 0 ignored; 0 measured; 0 filtered out; finished in 0.00s


== cargo test -q ==

running 8 tests
........
test result: ok. 8 passed; 0 failed; 0 ignored; 0 measured; 0 filtered out; finished in 0.00s


running 10 tests
..........
test result: ok. 10 passed; 0 failed; 0 ignored; 0 measured; 0 filtered out; finished in 0.01s


running 0 tests

test result: ok. 0 passed; 0 failed; 0 ignored; 0 measured; 0 filtered out; finished in 0.00s


running 1 test
.
test result: ok. 1 passed; 0 failed; 0 ignored; 0 measured; 0 filtered out; finished in 0.02s


running 4 tests
....
test result: ok. 4 passed; 0 failed; 0 ignored; 0 measured; 0 filtered out; finished in 0.15s


running 1 test
.
test result: ok. 1 passed; 0 failed; 0 ignored; 0 measured; 0 filtered out; finished in 0.10s


running 7 tests
.......
test result: ok. 7 passed; 0 failed; 0 ignored; 0 measured; 0 filtered out; finished in 3.07s


running 1 test
.
test result: ok. 1 passed; 0 failed; 0 ignored; 0 measured; 0 filtered out; finished in 0.07s


running 3 tests
...
test result: ok. 3 passed; 0 failed; 0 ignored; 0 measured; 0 filtered out; finished in 0.03s


running 0 tests

test result: ok. 0 passed; 0 failed; 0 ignored; 0 measured; 0 filtered out; finished in 0.00s


running 8 tests
........
test result: ok. 8 passed; 0 failed; 0 ignored; 0 measured; 0 filtered out; finished in 0.00s


running 28 tests
............................
test result: ok. 28 passed; 0 failed; 0 ignored; 0 measured; 0 filtered out; finished in 0.01s


running 52 tests
.......................... 26/52
tests::hosted_guest_exec_explains_unresolved_node_routing --- FAILED
.........................
failures:

---- tests::hosted_guest_exec_explains_unresolved_node_routing stdout ----

thread 'tests::hosted_guest_exec_explains_unresolved_node_routing' (3369432) panicked at crates/port-runtime/src/lib.rs:6176:9:
failed to execute guest operation for machine 'cloud-azure' through the live hosted control-plane route: failed to send hosted request POST http://127.0.0.1:34779/v1/machines/cloud-azure/guest:exec
note: run with `RUST_BACKTRACE=1` environment variable to display a backtrace


failures:
    tests::hosted_guest_exec_explains_unresolved_node_routing

test result: FAILED. 51 passed; 1 failed; 0 ignored; 0 measured; 0 filtered out; finished in 3.24s


--- stderr ---
error: test failed, to rerun pass `-p port-runtime --lib`
