---
recorded_at: 2026-03-09T02:45:16.337748269-07:00
command: bash -lc 'cd /home/alex/workspace/spoke-sh/port && cargo test -q -p port-cli tests::help_includes_primary_surfaces -- --exact && rg -n hosted-api README.md docs/artifacts.md crates/port-cli/src/lib.rs && rg -n PORT_DEMO_TOKEN README.md docs/artifacts.md crates/port-cli/src/lib.rs && rg -n follow-on README.md docs/artifacts.md crates/port-cli/src/lib.rs && rg -n .port/hosted README.md docs/artifacts.md crates/port-cli/src/lib.rs'
---

running 1 test
.
test result: ok. 1 passed; 0 failed; 0 ignored; 0 measured; 11 filtered out; finished in 0.01s


running 0 tests

test result: ok. 0 passed; 0 failed; 0 ignored; 0 measured; 0 filtered out; finished in 0.00s


running 0 tests

test result: ok. 0 passed; 0 failed; 0 ignored; 0 measured; 2 filtered out; finished in 0.00s


running 0 tests

test result: ok. 0 passed; 0 failed; 0 ignored; 0 measured; 6 filtered out; finished in 0.00s


running 0 tests

test result: ok. 0 passed; 0 failed; 0 ignored; 0 measured; 1 filtered out; finished in 0.00s


running 0 tests

test result: ok. 0 passed; 0 failed; 0 ignored; 0 measured; 9 filtered out; finished in 0.00s


running 0 tests

test result: ok. 0 passed; 0 failed; 0 ignored; 0 measured; 1 filtered out; finished in 0.00s

crates/port-cli/src/lib.rs:128:  Copy `examples/port.toml` to a temp config, point `[control_planes.demo].endpoint` at `http://127.0.0.1:7040`, and switch the selected artifact distribution `push` and `pull` backends from `file-system` to `hosted-api` with that same endpoint.
README.md:251:  registry/cache contract, and `hosted-api` is also executable when the
README.md:612:  hosted-api snippet in [`docs/artifacts.md`](docs/artifacts.md).
README.md:642:  an artifact distribution backend is switched to `hosted-api`. Hosted pushes
docs/artifacts.md:24:- the shipped backends are `file-system` and `hosted-api`
docs/artifacts.md:62:backend = "hosted-api"
docs/artifacts.md:66:backend = "hosted-api"
docs/artifacts.md:205:  shipped runtime now implements both the file-backed and hosted-api backends.
crates/port-cli/src/lib.rs:60:  PORT_DEMO_TOKEN=demo-token port --config examples/port.toml control-plane serve --control-plane demo --bind 127.0.0.1:7040
crates/port-cli/src/lib.rs:61:  PORT_DEMO_TOKEN=demo-token port --config examples/port.toml node-agent serve --node aws-linux-node --bind 127.0.0.1:9234 --token node-secret
crates/port-cli/src/lib.rs:62:  PORT_DEMO_TOKEN=demo-token port --config examples/port.toml node-agent serve --node aws-linux-node-b --bind 127.0.0.1:9235 --token node-secret-b
crates/port-cli/src/lib.rs:63:  PORT_DEMO_TOKEN=demo-token port --config examples/port.toml service secret put --machine cloud-aws --name demo-token --value s3cr3t
crates/port-cli/src/lib.rs:64:  PORT_DEMO_TOKEN=demo-token port --config examples/port.toml service apply --machine cloud-aws --host-group aws-secondary --name api --kind service --secret API_TOKEN=demo-token -- /bin/sh -lc 'trap '\''exit 0'\'' TERM; while :; do sleep 1; done'
crates/port-cli/src/lib.rs:65:  PORT_DEMO_TOKEN=demo-token port --config examples/port.toml service list --machine cloud-aws
crates/port-cli/src/lib.rs:66:  PORT_DEMO_TOKEN=demo-token port --config examples/port.toml service status --machine cloud-aws --name api
crates/port-cli/src/lib.rs:67:  PORT_DEMO_TOKEN=demo-token port --config examples/port.toml service stop --machine cloud-aws --name api
crates/port-cli/src/lib.rs:105:  PORT_DEMO_TOKEN=demo-token port --config /tmp/port-pvm.toml control-plane serve --control-plane demo --bind 127.0.0.1:7040
crates/port-cli/src/lib.rs:106:  PORT_PVM_FIRECRACKER_BINARY=/path/to/firecracker-pvm PORT_DEMO_TOKEN=demo-token port --config /tmp/port-pvm.toml node-agent serve --node aws-linux-node --bind 127.0.0.1:9234 --token node-secret
crates/port-cli/src/lib.rs:107:  PORT_DEMO_TOKEN=demo-token port --config /tmp/port-pvm.toml machine launch --machine cloud-aws
crates/port-cli/src/lib.rs:108:  PORT_DEMO_TOKEN=demo-token port --config /tmp/port-pvm.toml machine status --machine cloud-aws
crates/port-cli/src/lib.rs:109:  PORT_DEMO_TOKEN=demo-token port --config /tmp/port-pvm.toml machine stop --machine cloud-aws
crates/port-cli/src/lib.rs:129:  PORT_DEMO_TOKEN=demo-token port --config /tmp/port-hosted-artifacts.toml control-plane serve --control-plane demo --bind 127.0.0.1:7040
crates/port-cli/src/lib.rs:131:  PORT_DEMO_TOKEN=demo-token port --config /tmp/port-hosted-artifacts.toml artifacts push --artifact demo-kernel --architecture native
crates/port-cli/src/lib.rs:132:  Remove the local artifact path printed by `build` or `push`, then run `PORT_DEMO_TOKEN=demo-token port --config /tmp/port-hosted-artifacts.toml artifacts pull --artifact demo-kernel --architecture native`.
crates/port-cli/src/lib.rs:133:  Hosted pushes land in `.port/hosted/<control-plane>/artifacts/...` under the control-plane owner, and hosted auth uses the configured bearer token from `PORT_DEMO_TOKEN`.
crates/port-cli/src/lib.rs:140:    `PORT_DEMO_TOKEN=demo-token port --config examples/port.toml control-plane serve --control-plane demo --bind 127.0.0.1:7040`
crates/port-cli/src/lib.rs:141:    `PORT_DEMO_TOKEN=demo-token port --config examples/port.toml node-agent serve --node aws-linux-node --bind 127.0.0.1:9234 --token node-secret`
crates/port-cli/src/lib.rs:142:    `PORT_DEMO_TOKEN=demo-token port --config examples/port.toml machine list`
crates/port-cli/src/lib.rs:143:    `PORT_DEMO_TOKEN=demo-token port --config examples/port.toml machine status --machine cloud-aws`
crates/port-cli/src/lib.rs:144:    `PORT_DEMO_TOKEN=demo-token port --config examples/port.toml guest exec --machine cloud-aws -- /bin/sh -lc 'uname -a'`
crates/port-cli/src/lib.rs:148:  Hosted auth is modeled explicitly as a bearer token read from `PORT_DEMO_TOKEN` through the `authorization` header.
docs/artifacts.md:74:PORT_DEMO_TOKEN=demo-token port --config /tmp/port-hosted-artifacts.toml control-plane serve --control-plane demo --bind 127.0.0.1:7040
docs/artifacts.md:76:PORT_DEMO_TOKEN=demo-token port --config /tmp/port-hosted-artifacts.toml artifacts push --artifact demo-kernel --architecture native
docs/artifacts.md:79:PORT_DEMO_TOKEN=demo-token port --config /tmp/port-hosted-artifacts.toml artifacts pull --artifact demo-kernel --architecture native
docs/artifacts.md:90:- the sample control plane reads that token from `PORT_DEMO_TOKEN`
README.md:138:PORT_DEMO_TOKEN=demo-token port --config /tmp/port-pvm.toml control-plane serve --control-plane demo --bind 127.0.0.1:7040
README.md:139:PORT_PVM_FIRECRACKER_BINARY=/path/to/firecracker-pvm PORT_DEMO_TOKEN=demo-token port --config /tmp/port-pvm.toml node-agent serve --node aws-linux-node --bind 127.0.0.1:9234 --token node-secret
README.md:140:PORT_DEMO_TOKEN=demo-token port --config /tmp/port-pvm.toml machine launch --machine cloud-aws
README.md:141:PORT_DEMO_TOKEN=demo-token port --config /tmp/port-pvm.toml machine status --machine cloud-aws
README.md:142:PORT_DEMO_TOKEN=demo-token port --config /tmp/port-pvm.toml machine stop --machine cloud-aws
README.md:342:  `PORT_DEMO_TOKEN`.
README.md:360:PORT_DEMO_TOKEN=demo-token port --config examples/port.toml control-plane serve --control-plane demo --bind 127.0.0.1:7040
README.md:361:PORT_DEMO_TOKEN=demo-token port --config examples/port.toml node-agent serve --node aws-linux-node --bind 127.0.0.1:9234 --token node-secret
README.md:362:PORT_DEMO_TOKEN=demo-token port --config examples/port.toml machine list
README.md:363:PORT_DEMO_TOKEN=demo-token port --config examples/port.toml machine status --machine cloud-aws
README.md:428:export PORT_DEMO_TOKEN=demo-token
README.md:448:PORT_DEMO_TOKEN=demo-token port --config examples/port.toml control-plane serve --control-plane demo --bind 127.0.0.1:7040
README.md:449:PORT_DEMO_TOKEN=demo-token port --config examples/port.toml node-agent serve --node aws-linux-node --bind 127.0.0.1:9234 --token node-secret
README.md:450:PORT_DEMO_TOKEN=demo-token port --config examples/port.toml node-agent serve --node aws-linux-node-b --bind 127.0.0.1:9235 --token node-secret-b
README.md:451:PORT_DEMO_TOKEN=demo-token port --config examples/port.toml service secret put --machine cloud-aws --name demo-token --value s3cr3t
README.md:452:PORT_DEMO_TOKEN=demo-token port --config examples/port.toml service apply --machine cloud-aws --host-group aws-secondary --name api --kind service --secret API_TOKEN=demo-token -- /bin/sh -lc 'trap '\''exit 0'\'' TERM; while :; do sleep 1; done'
README.md:453:PORT_DEMO_TOKEN=demo-token port --config examples/port.toml service list --machine cloud-aws
README.md:454:PORT_DEMO_TOKEN=demo-token port --config examples/port.toml service status --machine cloud-aws --name api
README.md:455:PORT_DEMO_TOKEN=demo-token port --config examples/port.toml service stop --machine cloud-aws --name api
README.md:613:- Start the control plane with `PORT_DEMO_TOKEN=demo-token`.
README.md:643:  and pulls use bearer-token auth from `PORT_DEMO_TOKEN` and persist under
README.md:725:PORT_DEMO_TOKEN=demo-token cargo run -p port-cli -- --config /tmp/port-hosted.toml guest pty \
README.md:728:PORT_DEMO_TOKEN=demo-token cargo run -p port-cli -- --config /tmp/port-hosted.toml guest logs \
README.md:731:PORT_DEMO_TOKEN=demo-token cargo run -p port-cli -- --config /tmp/port-hosted.toml guest copy \
README.md:735:PORT_DEMO_TOKEN=demo-token cargo run -p port-cli -- --config /tmp/port-hosted.toml guest forward \
crates/port-cli/src/lib.rs:134:  OCI remains follow-on work.
crates/port-cli/src/lib.rs:163:  `port service apply|list|status|stop` now also exposes a canonical runtime-state contract and record path; restart policy, health checks, scheduler policy, and hardened secret backends remain explicit follow-on work.
crates/port-cli/src/lib.rs:2164:            "OCI remains follow-on work",
docs/artifacts.md:28:- `oci-registry` remains follow-on work
docs/artifacts.md:211:- `oci-registry` remains explicit follow-on work rather than a compatibility or
README.md:96:The full host-kit, artifact-kit, validation, and follow-on implementation
README.md:185:The full AVF runtime, operator, and follow-on implementation contract lives in
README.md:252:  selected artifact points at a live control plane. OCI remains follow-on work.
README.md:551:  backends remain follow-on work.
README.md:645:- OCI artifact distribution remains follow-on work.
crates/port-cli/src/lib.rs:133:  Hosted pushes land in `.port/hosted/<control-plane>/artifacts/...` under the control-plane owner, and hosted auth uses the configured bearer token from `PORT_DEMO_TOKEN`.
crates/port-cli/src/lib.rs:137:  `port control-plane serve` now exposes the first live hosted HTTP entrypoint for canonical machine and guest routes and reloads durable fleet state from `.port/hosted/<control-plane>/registered-nodes.json` plus `.port/hosted/<control-plane>/imported-inventory.json`.
crates/port-cli/src/lib.rs:145:  Imported inventory is currently a control-plane-owned state-file contract, not a first-class `port inventory import` command: seed or sync `.port/hosted/<control-plane>/imported-inventory.json`, then inspect it through `port machine list|status`.
docs/artifacts.md:27:- hosted control-plane storage lives under `.port/hosted/<control-plane>/artifacts/`
docs/artifacts.md:85:- `.port/hosted/<control-plane>/artifacts/<registry>/<repository>/<version>/<architecture>/<substrate>/<protection-mode>/<filename>`
docs/artifacts.md:206:- The hosted control plane owns `.port/hosted/<control-plane>/artifacts/` for
README.md:367:  into `.port/hosted/demo/registered-nodes.json`.
README.md:369:  `.port/hosted/demo/imported-inventory.json`; there is not yet a first-class
README.md:617:  `.port/hosted/<control-plane>/artifacts/...` on the control-plane owner, not
README.md:644:  `.port/hosted/<control-plane>/artifacts/...`.

--- stderr ---
run-parts: unrecognized option '--regex'
BusyBox v1.37.0 () multi-call binary.

Usage: run-parts [-a ARG]... [-u UMASK] [--reverse] [--test] [--exit-on-error] [--list] DIRECTORY

Run a bunch of scripts in DIRECTORY

	-a ARG		Pass ARG as argument to scripts
	-u UMASK	Set UMASK before running scripts
	--reverse	Reverse execution order
	--test		Dry run
	--exit-on-error	Exit if a script exits with non-zero
	--list		Print names of matching files even if they are not executable
