---
recorded_at: 2026-03-09T02:42:14.335883523-07:00
command: bash -lc 'cd /home/alex/workspace/spoke-sh/port && cargo test -q -p port-runtime -p port-cli && keel verify run 1vzWCK000 && keel doctor'
---

running 12 tests
............
test result: ok. 12 passed; 0 failed; 0 ignored; 0 measured; 0 filtered out; finished in 0.02s


running 0 tests

test result: ok. 0 passed; 0 failed; 0 ignored; 0 measured; 0 filtered out; finished in 0.00s


running 2 tests
..
test result: ok. 2 passed; 0 failed; 0 ignored; 0 measured; 0 filtered out; finished in 3.04s


running 6 tests
......
test result: ok. 6 passed; 0 failed; 0 ignored; 0 measured; 0 filtered out; finished in 1.16s


running 1 test
.
test result: ok. 1 passed; 0 failed; 0 ignored; 0 measured; 0 filtered out; finished in 0.11s


running 9 tests
......i..
test result: ok. 8 passed; 0 failed; 1 ignored; 0 measured; 0 filtered out; finished in 3.67s


running 1 test
.
test result: ok. 1 passed; 0 failed; 0 ignored; 0 measured; 0 filtered out; finished in 1.13s


running 88 tests
....................................................................................... 87/88
.
test result: ok. 88 passed; 0 failed; 0 ignored; 0 measured; 0 filtered out; finished in 12.40s


running 0 tests

test result: ok. 0 passed; 0 failed; 0 ignored; 0 measured; 0 filtered out; finished in 0.00s


running 0 tests

test result: ok. 0 passed; 0 failed; 0 ignored; 0 measured; 0 filtered out; finished in 0.00s


[1m[94m1vzWCK000[39m[0m Publish Hosted Artifact Mobility Workflow [[1m[36m1vzW8e000[39m[0m/[1m[35m1vzW9Q000[39m[0m]
  [32m✓[39m 
  [32m✓[39m Repo-local proof builds a selected artifact variant, pushes it to the hosted backend, removes the local output, then pulls the same variant back successfully through the canonical CLI.
  [32m✓[39m 
  [31m✗[39m README, `docs/artifacts.md`, and relevant CLI help publish the hosted artifact workflow, control-plane store ownership, and auth expectations while explicitly stating that OCI remains follow-on work.
    [31mexpected: exit code 0[39m
    [31mactual:   exit code 127[39m
  [32m✓[39m 
  [31m✗[39m The voyage closes with recorded board evidence and verification for the shipped hosted backend rather than leaving `hosted-api` as a modeled-only placeholder.
    [31mexpected: exit code 0[39m
    [31mactual:   exit code 1[39m

Recovery step:
  [1mkeel story audit 1vzWCK000[0m
[4m[1mBoard Health Report[0m[0m

[36m[1mStories[0m[39m:
  [32m✓[39m ID uniqueness (85 checks)
  [32m✓[39m ID consistency (85 checks)
  [32m✓[39m Title convention (85 checks)
  [32m✓[39m Acceptance criteria completion (85 checks)
  [32m✓[39m Verification annotations (85 checks)
  [32m✓[39m SRS traceability (85 checks)
  [32m✓[39m Implementation dependency cycles (85 checks)
  [32m✓[39m Parallel conflict coherence (85 checks)
  [32m✓[39m Scoped evidence coverage (85 checks)
  [32m✓[39m Story frontmatter drift (85 checks)
  [32m✓[39m Reflection coherence (85 checks)
  [32m✓[39m Active story coherence (85 checks)
  [32m✓[39m Terminal artifact coherence (85 checks)
  [32m✓[39m Knowledge catalog integrity (85 checks)
  [32m✓[39m Verification manifest integrity (85 checks)
  [32m✓[39m Story date consistency (85 checks)

[36m[1mVoyages[0m[39m:
  [32m✓[39m Voyage structure (22 checks)
  [32m✓[39m ID uniqueness (22 checks)
  [32m✓[39m ID consistency (22 checks)
  [32m✓[39m Title convention (22 checks)
  [32m✓[39m Voyage status drift (22 checks)
  [32m✓[39m Scope authored content (22 checks)
  [32m✓[39m PRD lineage coherence (22 checks)
  [32m✓[39m Scope lineage coherence (22 checks)
  [32m✓[39m Voyage artifact contract (22 checks)
  [32m✓[39m Evidence chains (22 checks)
  [32m✓[39m Voyage date consistency (22 checks)

[36m[1mEpics[0m[39m:
  [32m✓[39m Epic structure (11 checks)
  [32m✓[39m ID uniqueness (11 checks)
  [32m✓[39m ID consistency (11 checks)
  [32m✓[39m Title convention (11 checks)
  [32m✓[39m Epic status drift (11 checks)
  [32m✓[39m Epic completion gates (11 checks)
  [32m✓[39m Goal lineage coherence (11 checks)
  [32m✓[39m Press release coherence (optional) (11 checks)
  [32m✓[39m Epic date consistency (11 checks)

[36m[1mBearings[0m[39m:
  [32m✓[39m Bearing structure (5 checks)
  [32m✓[39m ID consistency (5 checks)
  [32m✓[39m ID format (5 checks)
  [32m✓[39m ID uniqueness (5 checks)
  [32m✓[39m Title convention (5 checks)
  [32m✓[39m Bearing coherence (5 checks)
  [32m✓[39m Bearing content completion (5 checks)
  [32m✓[39m Bearing-Epic coherence (5 checks)
  [32m✓[39m Bearing date consistency (5 checks)
  [32m✓[39m Bearing recommendation (5 checks)

[36m[1mADRs[0m[39m:
  [32m✓[39m ADR structure (0 checks)
  [32m✓[39m ID uniqueness (0 checks)
  [32m✓[39m ID consistency (0 checks)
  [32m✓[39m Title convention (0 checks)
  [32m✓[39m Proposed ADR usage (0 checks)
  [32m✓[39m ADR content completion (0 checks)
  [32m✓[39m ADR date consistency (0 checks)


--- stderr ---
run-parts: unrecognized option '--regex'
BusyBox v1.37.0 () multi-call binary.

Usage: run-parts [-a ARG]... [-u UMASK] [--reverse] [--test] [--exit-on-error] [--list] DIRECTORY

Run a bunch of scripts in DIRECTORY

	-a ARG		Pass ARG as argument to scripts
	-u UMASK	Set UMASK before running scripts
	--reverse	Reverse execution order
	--test		Dry run
	--exit-on-error	Exit if a script exits with non-zero
	--list		Print names of matching files even if they are not executable
