---
recorded_at: 2026-03-08T07:06:15.513130857-07:00
mode: manual
files: [".keel/stories/1vzEVm000/EVIDENCE/ac-1.log"]
---

--- File: ac-1.log ---
== cargo test -q -p port-runtime control_plane ==

running 6 tests
......
test result: ok. 6 passed; 0 failed; 0 ignored; 0 measured; 25 filtered out; finished in 0.00s


== cargo test -q -p port-cli ==

running 9 tests
.........
test result: ok. 9 passed; 0 failed; 0 ignored; 0 measured; 0 filtered out; finished in 0.01s


running 0 tests

test result: ok. 0 passed; 0 failed; 0 ignored; 0 measured; 0 filtered out; finished in 0.00s


running 1 test
.
test result: ok. 1 passed; 0 failed; 0 ignored; 0 measured; 0 filtered out; finished in 0.02s


running 4 tests
....
test result: ok. 4 passed; 0 failed; 0 ignored; 0 measured; 0 filtered out; finished in 0.13s


running 2 tests
..
test result: ok. 2 passed; 0 failed; 0 ignored; 0 measured; 0 filtered out; finished in 0.21s


running 1 test
.
test result: ok. 1 passed; 0 failed; 0 ignored; 0 measured; 0 filtered out; finished in 0.05s


running 0 tests

test result: ok. 0 passed; 0 failed; 0 ignored; 0 measured; 0 filtered out; finished in 0.00s


